node : Error 
Status: 500
At line:1 char:1
+ node test-api.js 
> test-output.txt 
2>&1
+ ~~~~~~~~~~~~~~~~~~
~~~~~~~~~~~~~~~~~~~~
~
    + CategoryInfo  
            : NotS  
  pecified: (Erro   
 r Status: 500:S    
tring) [], Remo    
teException
    + FullyQualifie 
   dErrorId : Nati  
  veCommandError
 
Error Data: {
  "error": 
"Internal server 
error",
  "message": "Your 
project's URL and 
Key are required to 
create a Supabase 
client!\n\nCheck 
your Supabase 
project's API 
settings to find 
these values\n\nhttp
s://supabase.com/das
hboard/project/_/set
tings/api",
  "stack": "Error: 
Your project's URL 
and Key are 
required to create 
a Supabase 
client!\n\nCheck 
your Supabase 
project's API 
settings to find 
these values\n\nhttp
s://supabase.com/das
hboard/project/_/set
tings/api\n    at 
createServerClient 
(C:\\Users\\unknown 
user\\OneDrive\\Desk
top\\Projects\\Roami
o\\.next\\dev\\serve
r\\chunks\\c6ca0_65f
d608f._.js:9105:15)\
n    at 
createAdminClient 
(C:\\Users\\unknown 
user\\OneDrive\\Desk
top\\Projects\\Roami
o\\.next\\dev\\serve
r\\chunks\\[root-of-
the-server]__285cc24
3._.js:78:255)\n    
at POST 
(C:\\Users\\unknown 
user\\OneDrive\\Desk
top\\Projects\\Roami
o\\.next\\dev\\serve
r\\chunks\\[root-of-
the-server]__285cc24
3._.js:198:227)\n   
 at process.processT
icksAndRejections (n
ode:internal/process
/task_queues:105:5)\
n    at async AppRou
teRouteModule.do 
(C:\\Users\\unknown 
user\\OneDrive\\Desk
top\\Projects\\Roami
o\\node_modules\\nex
t\\dist\\compiled\\n
ext-server\\app-rout
e-turbo.runtime.dev.
js:5:37866)\n    at 
async AppRouteRouteM
odule.handle 
(C:\\Users\\unknown 
user\\OneDrive\\Desk
top\\Projects\\Roami
o\\node_modules\\nex
t\\dist\\compiled\\n
ext-server\\app-rout
e-turbo.runtime.dev.
js:5:45156)\n    at 
async 
responseGenerator 
(C:\\Users\\unknown 
user\\OneDrive\\Desk
top\\Projects\\Roami
o\\.next\\dev\\serve
r\\chunks\\c6ca0_nex
t_3225b678._.js:1652
9:38)\n    at async 
AppRouteRouteModule.
handleResponse 
(C:\\Users\\unknown 
user\\OneDrive\\Desk
top\\Projects\\Roami
o\\node_modules\\nex
t\\dist\\compiled\\n
ext-server\\app-rout
e-turbo.runtime.dev.
js:1:191938)\n    
at async 
handleResponse 
(C:\\Users\\unknown 
user\\OneDrive\\Desk
top\\Projects\\Roami
o\\.next\\dev\\serve
r\\chunks\\c6ca0_nex
t_3225b678._.js:1659
2:32)\n    at async 
Module.handler 
(C:\\Users\\unknown 
user\\OneDrive\\Desk
top\\Projects\\Roami
o\\.next\\dev\\serve
r\\chunks\\c6ca0_nex
t_3225b678._.js:1664
5:13)\n    at async 
DevServer.renderToRe
sponseWithComponents
Impl 
(C:\\Users\\unknown 
user\\OneDrive\\Desk
top\\Projects\\Roami
o\\node_modules\\nex
t\\dist\\server\\bas
e-server.js:1442:9)\
n    at async DevSer
ver.renderPageCompon
ent 
(C:\\Users\\unknown 
user\\OneDrive\\Desk
top\\Projects\\Roami
o\\node_modules\\nex
t\\dist\\server\\bas
e-server.js:1494:24)
\n    at async DevSe
rver.renderToRespons
eImpl 
(C:\\Users\\unknown 
user\\OneDrive\\Desk
top\\Projects\\Roami
o\\node_modules\\nex
t\\dist\\server\\bas
e-server.js:1544:32)
\n    at async 
DevServer.pipeImpl 
(C:\\Users\\unknown 
user\\OneDrive\\Desk
top\\Projects\\Roami
o\\node_modules\\nex
t\\dist\\server\\bas
e-server.js:1038:25)
\n    at async NextN
odeServer.handleCatc
hallRenderRequest 
(C:\\Users\\unknown 
user\\OneDrive\\Desk
top\\Projects\\Roami
o\\node_modules\\nex
t\\dist\\server\\nex
t-server.js:395:17)\
n    at async DevSer
ver.handleRequestImp
l 
(C:\\Users\\unknown 
user\\OneDrive\\Desk
top\\Projects\\Roami
o\\node_modules\\nex
t\\dist\\server\\bas
e-server.js:929:17)\
n    at async 
C:\\Users\\unknown u
ser\\OneDrive\\Deskt
op\\Projects\\Roamio
\\node_modules\\next
\\dist\\server\\dev\
\next-dev-server.js:
387:20\n    at 
async 
Span.traceAsyncFn 
(C:\\Users\\unknown 
user\\OneDrive\\Desk
top\\Projects\\Roami
o\\node_modules\\nex
t\\dist\\trace\\trac
e.js:157:20)\n    
at async DevServer.h
andleRequest 
(C:\\Users\\unknown 
user\\OneDrive\\Desk
top\\Projects\\Roami
o\\node_modules\\nex
t\\dist\\server\\dev
\\next-dev-server.js
:383:24)\n    at 
async invokeRender 
(C:\\Users\\unknown 
user\\OneDrive\\Desk
top\\Projects\\Roami
o\\node_modules\\nex
t\\dist\\server\\lib
\\router-server.js:2
48:21)\n    at 
async handleRequest 
(C:\\Users\\unknown 
user\\OneDrive\\Desk
top\\Projects\\Roami
o\\node_modules\\nex
t\\dist\\server\\lib
\\router-server.js:4
47:24)\n    at 
async 
requestHandlerImpl 
(C:\\Users\\unknown 
user\\OneDrive\\Desk
top\\Projects\\Roami
o\\node_modules\\nex
t\\dist\\server\\lib
\\router-server.js:4
96:13)\n    at 
async Server.request
Listener 
(C:\\Users\\unknown 
user\\OneDrive\\Desk
top\\Projects\\Roami
o\\node_modules\\nex
t\\dist\\server\\lib
\\start-server.js:22
6:13)"
}
